d=2, mass=1.0, P=:phi^4:.  P(|Z^2-3|<=1/2) = 0.052477
  N        a     L=Na        lam   log J(lam)        floor  (log E[e^-2V] >= log J; = at N=1)
  1    1.000    1.000      1.000        9.322        8.553
  1    0.500    0.500      4.000       44.580       43.053
  1    0.250    0.250     16.000      187.875      181.053
  1    0.100    0.100    100.000     1194.956     1147.053
  1    0.050    0.050    400.000     4794.262     4597.053
  1    0.010    0.010  10000.000   119992.652   114997.053
  4    1.000    4.000      0.062        0.099       -2.229
  4    0.500    2.000      0.250        1.254       -0.072
  4    0.250    1.000      1.000        9.322        8.553
  4    0.100    0.400      6.250       71.351       68.928
  4    0.050    0.200     25.000      295.651      284.553
  4    0.010    0.040    625.000     7494.039     7184.553
 16    1.000   16.000      0.004        0.001       -2.902
 16    0.500    8.000      0.016        0.008       -2.768
 16    0.250    4.000      0.062        0.099       -2.229
 16    0.100    1.600      0.391        2.595        1.545
 16    0.050    0.800      1.562       15.825       15.021
 16    0.010    0.160     39.062      464.177      446.271
